mpiexec -np 2 /Users/vermjc/Repos/ChiTech/piper/bin/piper test3.lua --suppress_color --supress_beg_end_timelog master_export=false 
[0]  Parsing argument 1 test3.lua
[0m[0]  Parsing argument 2 --suppress_color
[0m[0]  Parsing argument 3 --supress_beg_end_timelog
[0]  Parsing argument 4 master_export=false
[0]  ChiTech number of arguments supplied: 4
[0]  Computing cell-centroids.
[0]  Done computing cell-centroids.
[0]  Checking cell-center-to-face orientations
[0]  Done checking cell-center-to-face orientations
[0]  00:00:00 Establishing cell connectivity.
[0]  00:00:00 Vertex cell subscriptions complete.
[0]  00:00:00 Surpassing cell 1000 of 10000 (10%)
[0]  00:00:00 Surpassing cell 2000 of 10000 (20%)
[0]  00:00:00 Surpassing cell 3001 of 10000 (30%)
[0]  00:00:00 Surpassing cell 4000 of 10000 (40%)
[0]  00:00:00 Surpassing cell 5000 of 10000 (50%)
[0]  00:00:00 Surpassing cell 6001 of 10000 (60%)
[0]  00:00:00 Surpassing cell 7001 of 10000 (70%)
[0]  00:00:00 Surpassing cell 8000 of 10000 (80%)
[0]  00:00:00 Surpassing cell 9000 of 10000 (90%)
[0]  00:00:00 Surpassing cell 10000 of 10000 (100%)
[0]  00:00:00 Establishing cell boundary connectivity.
[0]  00:00:00 Done establishing cell connectivity.
[0]  MeshGenerator: Cells created = 10000
[0]  NonLinearSolver non-linear iteration    0 - Residual 9.9503768e+04
[0]  NonLinearSolver iteration    0 - Residual 9.9503768e+04
[0]  NonLinearSolver iteration    1 - Residual 1.0473317e+03
[0]  NonLinearSolver iteration    2 - Residual 2.5399840e+01
[0]  NonLinearSolver iteration    3 - Residual 3.2208154e+00
[0]  NonLinearSolver iteration    4 - Residual 2.7556890e-01
[0]  NonLinearSolver non-linear iteration    1 - Residual 3.3084385e+00
[0]  NonLinearSolver iteration    0 - Residual 3.3084385e+00
[0]  NonLinearSolver iteration    1 - Residual 5.1850104e-02
[0]  NonLinearSolver iteration    2 - Residual 3.9668534e-03
[0]  NonLinearSolver iteration    3 - Residual 3.3829864e-04
[0]  NonLinearSolver iteration    4 - Residual 2.9556466e-05
[0]  NonLinearSolver non-linear iteration    2 - Residual 3.1095642e-05
[0]  
[0]  SCALAR post-processors history at event "ProgramExecuted"
[0]  *--------*-----------*
[0]  | Time   | avgval    |
[0]  *--------*-----------*
[0]  | Latest | 46.884804 |
[0]  *--------*-----------*
[0]  
[0]  SCALAR post-processors latest values at event "ProgramExecuted"
[0]  *----------------------*-----------------*
[0]  | Post-Processor Name  | Value           |
[0]  *----------------------*-----------------*
[0]  | avgval(latest)       |       46.884804 |
[0]  *----------------------*-----------------*
[0]  


